// Jest Snapshot v1, https://goo.gl/fbAQLP

exports[`StocksTableHeader tests matches snapshot 1`] = `
<thead
  className="thead-dark"
  data-testid="stocks-table__header"
>
  <tr
    className="d-flex"
  >
    <th
      className="col-8"
      scope="col"
    >
      Stock Name
    </th>
    <th
      className="col-2"
      scope="col"
    >
      Price
    </th>
    <th
      className="col-2"
      scope="col"
    >
      Action
    </th>
  </tr>
</thead>
`;
